[6.203430E-01,6.105340E-01,5.778673E-01,5.410951E-01,5.054365E-01,4.722971E-01,3.462423E-01,2.156122E-01,1.531015E-01,1.176441E-01,9.515354E-02,4.824349E-02,2.407995E-02,1.566145E-02,1.126431E-02,8.546034E-03,3.074405E-03,1.453596E-03,7.866441E-04,4.636871E-04,2.903252E-04,1.902383E-04,1.291978E-04,9.032711E-05,6.469189E-05,3.517755E-05,2.033615E-05,1.232890E-05,7.763992E-06,5.042201E-06,3.361086E-06,2.287714E-06,1.586693E-06,1.117587E-06,7.980235E-07,3.620451E-07,1.748978E-07,8.779772E-08,4.458428E-08,1.119039E-08,2.732771E-09,7.198767E-10,1.330128E-10,2.244615E-12]