[0.5460225376824496, 0.5459701210239094, 0.5448687344097649, 0.5417139153833516, 0.5366463876320962, 0.5300724997298003, 0.4857297841522379, 0.39225860470835283, 0.31829128888137004, 0.2630338898164051, 0.22145441626232554, 0.11493784630144477, 0.05192305678582698, 0.031405072415705226, 0.021745378653186043, 0.016266797946866807, 0.006349826430954275, 0.003470093292950782, 0.0021544703440923296, 0.0014303535888982033, 0.000990760374365962, 0.0007069828716843585, 0.0005161418389694195, 0.0003838762265604423, 0.00029004377729613395, 0.0001715651480722613, 0.00010564628222076156, 6.681906312311359e-05, 4.322215708096877e-05, 2.827880898659263e-05, 1.8662359963617092e-05, 1.2353230136263882e-05, 8.068234271907393e-06, 5.1489486319056255e-06, 3.262001750936605e-06, 7.738697866965794e-07, 4.8634544724812656e-08, 2.7100215405084782e-09, 3.4754710220852303e-10, 9.141576384763539e-13, 9.141576384763539e-13, 9.141576384763539e-13, 9.141576384763539e-13, 9.141576384763539e-13]