[0.5415001511573792, 0.5415000915527344, 0.5414825677871704, 0.5413655042648315, 0.5410434007644653, 0.5404404997825623, 0.5328463315963745, 0.5037437677383423, 0.46880224347114563, 0.4333851635456085, 0.3992595076560974, 0.2627050578594208, 0.12651439011096954, 0.07213389873504639, 0.04648420959711075, 0.032563015818595886, 0.010227719321846962, 0.004971264861524105, 0.00285915844142437, 0.001789264497347176, 0.0011772789293900132, 0.000801175192464143, 0.0005589703214354813, 0.0003977291635237634, 0.00028763990849256516, 0.00015657131734769791, 8.902366971597075e-05, 5.244581916485913e-05, 3.183279841323383e-05, 1.982432877412066e-05, 1.262068053620169e-05, 8.188879291992635e-06, 5.402758233685745e-06, 3.614668457885273e-06, 2.4455016500724014e-06, 9.545656212139875e-07, 3.8405468671953713e-07, 1.5675632880629564e-07, 6.231894644770364e-08, 3.926992953040553e-09, 1.2773393454068582e-10, 2.3386848013728923e-12, 1.7463808177353712e-13, 1.7463808177353712e-13]