[0.48241496086120605, 0.4824149012565613, 0.48239511251449585, 0.4822648763656616, 0.4819102883338928, 0.4812535345554352, 0.4732688367366791, 0.4447159171104431, 0.41239669919013977, 0.3805467486381531, 0.35020115971565247, 0.2293136715888977, 0.10881929099559784, 0.06101570278406143, 0.03866477683186531, 0.026647605001926422, 0.007830650545656681, 0.0036701438948512077, 0.0020835690665990114, 0.0013040790800005198, 0.0008635387057438493, 0.0005929241306148469, 0.00041765757487155497, 0.0002999812422785908, 0.00021886725153308362, 0.00012099604646209627, 6.967796798562631e-05, 4.14849491789937e-05, 2.5405381165910512e-05, 1.594169225427322e-05, 1.0217133421974722e-05, 6.670954007859109e-06, 4.428209194884403e-06, 2.9816369533364195e-06, 2.0316772406658856e-06, 8.108091265057737e-07, 3.363232394804072e-07, 1.405319665082061e-07, 5.5546170329989764e-08, 3.896693634430903e-09, 1.2773393454068582e-10, 2.3386848013728923e-12, 1.7463808177353712e-13, 1.7463808177353712e-13]