[5.508761E-01,5.508742E-01,5.506295E-01,5.494299E-01,5.448237E-01,5.387052E-01,5.120339E-01,4.483295E-01,3.907154E-01,3.427238E-01,3.026924E-01,1.768633E-01,8.388902E-02,5.082705E-02,3.495501E-02,2.588479E-02,9.532603E-03,4.893678E-03,2.872529E-03,1.815579E-03,1.200392E-03,8.210557E-04,5.797371E-04,4.182451E-04,3.079327E-04,1.746865E-04,1.057270E-04,6.672370E-05,4.376437E-05,2.900975E-05,1.951126E-05,1.330068E-05,9.203383E-06,6.521269E-06,4.697332E-06,2.100201E-06,9.828815E-07,4.720531E-07,2.164307E-07,4.932842E-08,1.508897E-08,2.538354E-09,3.332568E-10,2.889744E-11]