[6.222197E-01,6.222066E-01,6.219304E-01,6.209400E-01,6.190192E-01,6.161795E-01,5.925653E-01,5.314575E-01,4.742669E-01,4.249978E-01,3.829954E-01,2.458582E-01,1.308861E-01,8.410178E-02,5.998727E-02,4.568609E-02,1.882147E-02,1.085793E-02,7.170048E-03,5.086379E-03,3.772759E-03,2.885994E-03,2.258811E-03,1.799919E-03,1.455333E-03,9.852221E-04,6.919075E-04,5.001507E-04,3.701749E-04,2.794605E-04,2.145863E-04,1.672205E-04,1.320077E-04,1.054149E-04,8.505095E-05,5.169503E-05,3.290559E-05,2.174239E-05,1.481555E-05,7.411518E-06,4.008884E-06,2.300563E-06,1.381511E-06,8.618849E-07]